interactions:
- request:
    body: '{"jsonrpc": "2.0", "id": 37, "method": "challenge", "params": {"username":
      "root"}}'
    headers:
      Accept:
      - '*/*'
      Accept-Encoding:
      - gzip, deflate, br
      Connection:
      - keep-alive
      Content-Length:
      - '83'
      Content-Type:
      - application/json
      User-Agent:
      - python-requests/2.28.1
    method: POST
    uri: https://192.168.8.1/rpc
  response:
    body:
      string: '{"id":37,"jsonrpc":"2.0","result":{"salt":"37784Ahz","alg":1,"nonce":"y9ctHnKvQwxRu9xi9LYynlsUHngeerVl"}}

        '
    headers:
      Connection:
      - close
      Content-Type:
      - application/octet-stream
      Date:
      - Sat, 27 Aug 2022 13:34:04 GMT
      Server:
      - nginx/1.17.7
      Transfer-Encoding:
      - chunked
    status:
      code: 200
      message: OK
- request:
    body: '{"jsonrpc": "2.0", "id": 38, "method": "challenge", "params": {"username":
      "root"}}'
    headers:
      Accept:
      - '*/*'
      Accept-Encoding:
      - gzip, deflate, br
      Connection:
      - keep-alive
      Content-Length:
      - '83'
      Content-Type:
      - application/json
      User-Agent:
      - python-requests/2.28.1
    method: POST
    uri: https://192.168.8.1/rpc
  response:
    body:
      string: '{"id":38,"jsonrpc":"2.0","result":{"salt":"37784Ahz","alg":1,"nonce":"5eE1hWLnb3b91nsINke7OI89kfrM8TwD"}}

        '
    headers:
      Connection:
      - close
      Content-Type:
      - application/octet-stream
      Date:
      - Sat, 27 Aug 2022 13:34:04 GMT
      Server:
      - nginx/1.17.7
      Transfer-Encoding:
      - chunked
    status:
      code: 200
      message: OK
- request:
    body: '{"jsonrpc": "2.0", "id": 39, "method": "login", "params": {"username":
      "root", "hash": "35cb6f8addf09b7a1ffc525d5f63bf78"}}'
    headers:
      Accept:
      - '*/*'
      Accept-Encoding:
      - gzip, deflate, br
      Connection:
      - keep-alive
      Content-Length:
      - '123'
      Content-Type:
      - application/json
      User-Agent:
      - python-requests/2.28.1
    method: POST
    uri: https://192.168.8.1/rpc
  response:
    body:
      string: '{"id":39,"jsonrpc":"2.0","result":{"username":"root","sid":"vAt932n7BxMMLVzpwHonpPTNWDGPaBiq"}}

        '
    headers:
      Connection:
      - close
      Content-Type:
      - application/octet-stream
      Date:
      - Sat, 27 Aug 2022 13:34:04 GMT
      Server:
      - nginx/1.17.7
      Set-Cookie:
      - Admin-Token=vAt932n7BxMMLVzpwHonpPTNWDGPaBiq
      Transfer-Encoding:
      - chunked
    status:
      code: 200
      message: OK
- request:
    body: '{"jsonrpc": "2.0", "id": 0, "method": "challenge", "params": {"username":
      "root"}}'
    headers:
      Accept:
      - '*/*'
      Accept-Encoding:
      - gzip, deflate, br
      Connection:
      - keep-alive
      Content-Length:
      - '82'
      Content-Type:
      - application/json
      User-Agent:
      - python-requests/2.28.1
    method: POST
    uri: https://192.168.8.1/rpc
  response:
    body:
      string: '{"id":0,"jsonrpc":"2.0","result":{"salt":"37784Ahz","alg":1,"nonce":"Quaaw39iyDy0yzdqaw9aJDdihdAL5omW"}}

        '
    headers:
      Connection:
      - close
      Content-Type:
      - application/octet-stream
      Date:
      - Sat, 27 Aug 2022 13:34:04 GMT
      Server:
      - nginx/1.17.7
      Transfer-Encoding:
      - chunked
    status:
      code: 200
      message: OK
- request:
    body: '{"jsonrpc": "2.0", "id": 1, "method": "challenge", "params": {"username":
      "root"}}'
    headers:
      Accept:
      - '*/*'
      Accept-Encoding:
      - gzip, deflate, br
      Connection:
      - keep-alive
      Content-Length:
      - '82'
      Content-Type:
      - application/json
      User-Agent:
      - python-requests/2.28.1
    method: POST
    uri: https://192.168.8.1/rpc
  response:
    body:
      string: '{"id":1,"jsonrpc":"2.0","result":{"salt":"37784Ahz","alg":1,"nonce":"yculLgwta5VlZaNI0foiywCihrQvGpGQ"}}

        '
    headers:
      Connection:
      - close
      Content-Type:
      - application/octet-stream
      Date:
      - Sat, 27 Aug 2022 13:34:04 GMT
      Server:
      - nginx/1.17.7
      Transfer-Encoding:
      - chunked
    status:
      code: 200
      message: OK
- request:
    body: '{"jsonrpc": "2.0", "id": 2, "method": "login", "params": {"username": "root",
      "hash": "bd522f4bec6a9129e8c1011e51b57d5b"}}'
    headers:
      Accept:
      - '*/*'
      Accept-Encoding:
      - gzip, deflate, br
      Connection:
      - keep-alive
      Content-Length:
      - '122'
      Content-Type:
      - application/json
      User-Agent:
      - python-requests/2.28.1
    method: POST
    uri: https://192.168.8.1/rpc
  response:
    body:
      string: '{"id":2,"jsonrpc":"2.0","error":{"message":"Access denied","code":-32000}}

        '
    headers:
      Connection:
      - close
      Content-Type:
      - application/octet-stream
      Date:
      - Sat, 27 Aug 2022 13:34:04 GMT
      Server:
      - nginx/1.17.7
      Transfer-Encoding:
      - chunked
    status:
      code: 200
      message: OK
version: 1
